Grid search: 180 combinations × 2 tickers = 360 tests
Date range: 2024-07-01 to 2025-01-31
Tickers: AMD, TSLA
--------------------------------------------------------------------------------
[1/360] AMD | hold:15m spy:-1.0% combo:0 exit:-1 → trades:0 wr:0% pnl:$0
[2/360] TSLA | hold:15m spy:-1.0% combo:0 exit:-1 → trades:0 wr:0% pnl:$0
[3/360] AMD | hold:15m spy:-1.0% combo:0 exit:0 → trades:0 wr:0% pnl:$0
[4/360] TSLA | hold:15m spy:-1.0% combo:0 exit:0 → trades:0 wr:0% pnl:$0
[5/360] AMD | hold:15m spy:-1.0% combo:0 exit:1 → trades:0 wr:0% pnl:$0
[6/360] TSLA | hold:15m spy:-1.0% combo:0 exit:1 → trades:0 wr:0% pnl:$0
[7/360] AMD | hold:15m spy:-1.0% combo:1 exit:-1 → trades:0 wr:0% pnl:$0
[8/360] TSLA | hold:15m spy:-1.0% combo:1 exit:-1 → trades:0 wr:0% pnl:$0
[9/360] AMD | hold:15m spy:-1.0% combo:1 exit:0 → trades:0 wr:0% pnl:$0
[10/360] TSLA | hold:15m spy:-1.0% combo:1 exit:0 → trades:0 wr:0% pnl:$0
[11/360] AMD | hold:15m spy:-1.0% combo:1 exit:1 → trades:0 wr:0% pnl:$0
[12/360] TSLA | hold:15m spy:-1.0% combo:1 exit:1 → trades:0 wr:0% pnl:$0
[13/360] AMD | hold:15m spy:-1.5% combo:0 exit:-1 → trades:0 wr:0% pnl:$0
[14/360] TSLA | hold:15m spy:-1.5% combo:0 exit:-1 → trades:0 wr:0% pnl:$0
[15/360] AMD | hold:15m spy:-1.5% combo:0 exit:0 → trades:0 wr:0% pnl:$0
[16/360] TSLA | hold:15m spy:-1.5% combo:0 exit:0 → trades:0 wr:0% pnl:$0
[17/360] AMD | hold:15m spy:-1.5% combo:0 exit:1 → trades:0 wr:0% pnl:$0
[18/360] TSLA | hold:15m spy:-1.5% combo:0 exit:1 → trades:0 wr:0% pnl:$0
[19/360] AMD | hold:15m spy:-1.5% combo:1 exit:-1 → trades:0 wr:0% pnl:$0
[20/360] TSLA | hold:15m spy:-1.5% combo:1 exit:-1 → trades:0 wr:0% pnl:$0
[21/360] AMD | hold:15m spy:-1.5% combo:1 exit:0 → trades:0 wr:0% pnl:$0
[22/360] TSLA | hold:15m spy:-1.5% combo:1 exit:0 → trades:0 wr:0% pnl:$0
[23/360] AMD | hold:15m spy:-1.5% combo:1 exit:1 → trades:0 wr:0% pnl:$0
[24/360] TSLA | hold:15m spy:-1.5% combo:1 exit:1 → trades:0 wr:0% pnl:$0
[25/360] AMD | hold:15m spy:-2.0% combo:0 exit:-1 → trades:0 wr:0% pnl:$0
[26/360] TSLA | hold:15m spy:-2.0% combo:0 exit:-1 → trades:0 wr:0% pnl:$0
[27/360] AMD | hold:15m spy:-2.0% combo:0 exit:0 → trades:0 wr:0% pnl:$0
[28/360] TSLA | hold:15m spy:-2.0% combo:0 exit:0 → trades:0 wr:0% pnl:$0
[29/360] AMD | hold:15m spy:-2.0% combo:0 exit:1 → trades:0 wr:0% pnl:$0
[30/360] TSLA | hold:15m spy:-2.0% combo:0 exit:1 → trades:0 wr:0% pnl:$0
[31/360] AMD | hold:15m spy:-2.0% combo:1 exit:-1 → trades:0 wr:0% pnl:$0
[32/360] TSLA | hold:15m spy:-2.0% combo:1 exit:-1 → trades:0 wr:0% pnl:$0
[33/360] AMD | hold:15m spy:-2.0% combo:1 exit:0 → trades:0 wr:0% pnl:$0
[34/360] TSLA | hold:15m spy:-2.0% combo:1 exit:0 → trades:0 wr:0% pnl:$0
[35/360] AMD | hold:15m spy:-2.0% combo:1 exit:1 → trades:0 wr:0% pnl:$0
[36/360] TSLA | hold:15m spy:-2.0% combo:1 exit:1 → trades:0 wr:0% pnl:$0
[37/360] AMD | hold:30m spy:-1.0% combo:0 exit:-1 → trades:0 wr:0% pnl:$0
[38/360] TSLA | hold:30m spy:-1.0% combo:0 exit:-1 → trades:0 wr:0% pnl:$0
[39/360] AMD | hold:30m spy:-1.0% combo:0 exit:0 → trades:0 wr:0% pnl:$0
[40/360] TSLA | hold:30m spy:-1.0% combo:0 exit:0 → trades:0 wr:0% pnl:$0
[41/360] AMD | hold:30m spy:-1.0% combo:0 exit:1 → trades:0 wr:0% pnl:$0
[42/360] TSLA | hold:30m spy:-1.0% combo:0 exit:1 → trades:0 wr:0% pnl:$0
[43/360] AMD | hold:30m spy:-1.0% combo:1 exit:-1 → trades:0 wr:0% pnl:$0
[44/360] TSLA | hold:30m spy:-1.0% combo:1 exit:-1 → trades:0 wr:0% pnl:$0
[45/360] AMD | hold:30m spy:-1.0% combo:1 exit:0 → trades:0 wr:0% pnl:$0
[46/360] TSLA | hold:30m spy:-1.0% combo:1 exit:0 → trades:0 wr:0% pnl:$0
[47/360] AMD | hold:30m spy:-1.0% combo:1 exit:1 → trades:0 wr:0% pnl:$0
[48/360] TSLA | hold:30m spy:-1.0% combo:1 exit:1 → trades:0 wr:0% pnl:$0
[49/360] AMD | hold:30m spy:-1.5% combo:0 exit:-1 → trades:0 wr:0% pnl:$0
[50/360] TSLA | hold:30m spy:-1.5% combo:0 exit:-1 → trades:0 wr:0% pnl:$0
[51/360] AMD | hold:30m spy:-1.5% combo:0 exit:0 → trades:0 wr:0% pnl:$0
[52/360] TSLA | hold:30m spy:-1.5% combo:0 exit:0 → trades:0 wr:0% pnl:$0
[53/360] AMD | hold:30m spy:-1.5% combo:0 exit:1 → trades:0 wr:0% pnl:$0
[54/360] TSLA | hold:30m spy:-1.5% combo:0 exit:1 → trades:0 wr:0% pnl:$0
[55/360] AMD | hold:30m spy:-1.5% combo:1 exit:-1 → trades:0 wr:0% pnl:$0
[56/360] TSLA | hold:30m spy:-1.5% combo:1 exit:-1 → trades:0 wr:0% pnl:$0
[57/360] AMD | hold:30m spy:-1.5% combo:1 exit:0 → trades:0 wr:0% pnl:$0
[58/360] TSLA | hold:30m spy:-1.5% combo:1 exit:0 → trades:0 wr:0% pnl:$0
[59/360] AMD | hold:30m spy:-1.5% combo:1 exit:1 → trades:0 wr:0% pnl:$0
[60/360] TSLA | hold:30m spy:-1.5% combo:1 exit:1 → trades:0 wr:0% pnl:$0
[61/360] AMD | hold:30m spy:-2.0% combo:0 exit:-1 → trades:0 wr:0% pnl:$0
[62/360] TSLA | hold:30m spy:-2.0% combo:0 exit:-1 → trades:0 wr:0% pnl:$0
[63/360] AMD | hold:30m spy:-2.0% combo:0 exit:0 → trades:0 wr:0% pnl:$0
[64/360] TSLA | hold:30m spy:-2.0% combo:0 exit:0 → trades:0 wr:0% pnl:$0
[65/360] AMD | hold:30m spy:-2.0% combo:0 exit:1 → trades:0 wr:0% pnl:$0
[66/360] TSLA | hold:30m spy:-2.0% combo:0 exit:1 → trades:0 wr:0% pnl:$0
[67/360] AMD | hold:30m spy:-2.0% combo:1 exit:-1 → trades:0 wr:0% pnl:$0
[68/360] TSLA | hold:30m spy:-2.0% combo:1 exit:-1 → trades:0 wr:0% pnl:$0
[69/360] AMD | hold:30m spy:-2.0% combo:1 exit:0 → trades:0 wr:0% pnl:$0
[70/360] TSLA | hold:30m spy:-2.0% combo:1 exit:0 → trades:0 wr:0% pnl:$0
[71/360] AMD | hold:30m spy:-2.0% combo:1 exit:1 → trades:0 wr:0% pnl:$0
[72/360] TSLA | hold:30m spy:-2.0% combo:1 exit:1 → trades:0 wr:0% pnl:$0
[73/360] AMD | hold:45m spy:-1.0% combo:0 exit:-1 → trades:0 wr:0% pnl:$0
[74/360] TSLA | hold:45m spy:-1.0% combo:0 exit:-1 → trades:0 wr:0% pnl:$0
[75/360] AMD | hold:45m spy:-1.0% combo:0 exit:0 → trades:0 wr:0% pnl:$0
[76/360] TSLA | hold:45m spy:-1.0% combo:0 exit:0 → trades:0 wr:0% pnl:$0
[77/360] AMD | hold:45m spy:-1.0% combo:0 exit:1 → trades:0 wr:0% pnl:$0
[78/360] TSLA | hold:45m spy:-1.0% combo:0 exit:1 → trades:0 wr:0% pnl:$0
[79/360] AMD | hold:45m spy:-1.0% combo:1 exit:-1 → trades:0 wr:0% pnl:$0
[80/360] TSLA | hold:45m spy:-1.0% combo:1 exit:-1 → trades:0 wr:0% pnl:$0
[81/360] AMD | hold:45m spy:-1.0% combo:1 exit:0 → trades:0 wr:0% pnl:$0
[82/360] TSLA | hold:45m spy:-1.0% combo:1 exit:0 → trades:0 wr:0% pnl:$0
[83/360] AMD | hold:45m spy:-1.0% combo:1 exit:1 → trades:0 wr:0% pnl:$0
[84/360] TSLA | hold:45m spy:-1.0% combo:1 exit:1 → trades:0 wr:0% pnl:$0
[85/360] AMD | hold:45m spy:-1.5% combo:0 exit:-1 → trades:0 wr:0% pnl:$0
[86/360] TSLA | hold:45m spy:-1.5% combo:0 exit:-1 → trades:0 wr:0% pnl:$0
[87/360] AMD | hold:45m spy:-1.5% combo:0 exit:0 → trades:0 wr:0% pnl:$0
[88/360] TSLA | hold:45m spy:-1.5% combo:0 exit:0 → trades:0 wr:0% pnl:$0
[89/360] AMD | hold:45m spy:-1.5% combo:0 exit:1 → trades:0 wr:0% pnl:$0
[90/360] TSLA | hold:45m spy:-1.5% combo:0 exit:1 → trades:0 wr:0% pnl:$0
[91/360] AMD | hold:45m spy:-1.5% combo:1 exit:-1 → trades:0 wr:0% pnl:$0
[92/360] TSLA | hold:45m spy:-1.5% combo:1 exit:-1 → trades:0 wr:0% pnl:$0
[93/360] AMD | hold:45m spy:-1.5% combo:1 exit:0 → trades:0 wr:0% pnl:$0
[94/360] TSLA | hold:45m spy:-1.5% combo:1 exit:0 → trades:0 wr:0% pnl:$0
[95/360] AMD | hold:45m spy:-1.5% combo:1 exit:1 → trades:0 wr:0% pnl:$0
[96/360] TSLA | hold:45m spy:-1.5% combo:1 exit:1 → trades:0 wr:0% pnl:$0
[97/360] AMD | hold:45m spy:-2.0% combo:0 exit:-1 → trades:0 wr:0% pnl:$0
[98/360] TSLA | hold:45m spy:-2.0% combo:0 exit:-1 → trades:0 wr:0% pnl:$0
[99/360] AMD | hold:45m spy:-2.0% combo:0 exit:0 → trades:0 wr:0% pnl:$0
[100/360] TSLA | hold:45m spy:-2.0% combo:0 exit:0 → trades:0 wr:0% pnl:$0
[101/360] AMD | hold:45m spy:-2.0% combo:0 exit:1 → trades:0 wr:0% pnl:$0
[102/360] TSLA | hold:45m spy:-2.0% combo:0 exit:1 → trades:0 wr:0% pnl:$0
[103/360] AMD | hold:45m spy:-2.0% combo:1 exit:-1 → trades:0 wr:0% pnl:$0
[104/360] TSLA | hold:45m spy:-2.0% combo:1 exit:-1 → trades:0 wr:0% pnl:$0
[105/360] AMD | hold:45m spy:-2.0% combo:1 exit:0 → trades:0 wr:0% pnl:$0
[106/360] TSLA | hold:45m spy:-2.0% combo:1 exit:0 → trades:0 wr:0% pnl:$0
[107/360] AMD | hold:45m spy:-2.0% combo:1 exit:1 → trades:0 wr:0% pnl:$0
[108/360] TSLA | hold:45m spy:-2.0% combo:1 exit:1 → trades:0 wr:0% pnl:$0
[109/360] AMD | hold:60m spy:-1.0% combo:0 exit:-1 → trades:0 wr:0% pnl:$0
[110/360] TSLA | hold:60m spy:-1.0% combo:0 exit:-1 → trades:0 wr:0% pnl:$0
[111/360] AMD | hold:60m spy:-1.0% combo:0 exit:0 → trades:0 wr:0% pnl:$0
[112/360] TSLA | hold:60m spy:-1.0% combo:0 exit:0 → trades:0 wr:0% pnl:$0
[113/360] AMD | hold:60m spy:-1.0% combo:0 exit:1 → trades:0 wr:0% pnl:$0
[114/360] TSLA | hold:60m spy:-1.0% combo:0 exit:1 → trades:0 wr:0% pnl:$0
[115/360] AMD | hold:60m spy:-1.0% combo:1 exit:-1 → trades:0 wr:0% pnl:$0
[116/360] TSLA | hold:60m spy:-1.0% combo:1 exit:-1 → trades:0 wr:0% pnl:$0
[117/360] AMD | hold:60m spy:-1.0% combo:1 exit:0 → trades:0 wr:0% pnl:$0
[118/360] TSLA | hold:60m spy:-1.0% combo:1 exit:0 → trades:0 wr:0% pnl:$0
[119/360] AMD | hold:60m spy:-1.0% combo:1 exit:1 → trades:0 wr:0% pnl:$0
[120/360] TSLA | hold:60m spy:-1.0% combo:1 exit:1 → trades:0 wr:0% pnl:$0
[121/360] AMD | hold:60m spy:-1.5% combo:0 exit:-1 → trades:0 wr:0% pnl:$0
[122/360] TSLA | hold:60m spy:-1.5% combo:0 exit:-1 → trades:0 wr:0% pnl:$0
[123/360] AMD | hold:60m spy:-1.5% combo:0 exit:0 → trades:0 wr:0% pnl:$0
[124/360] TSLA | hold:60m spy:-1.5% combo:0 exit:0 → trades:0 wr:0% pnl:$0
[125/360] AMD | hold:60m spy:-1.5% combo:0 exit:1 → trades:0 wr:0% pnl:$0
[126/360] TSLA | hold:60m spy:-1.5% combo:0 exit:1 → trades:0 wr:0% pnl:$0
[127/360] AMD | hold:60m spy:-1.5% combo:1 exit:-1 → trades:0 wr:0% pnl:$0
[128/360] TSLA | hold:60m spy:-1.5% combo:1 exit:-1 → trades:0 wr:0% pnl:$0
[129/360] AMD | hold:60m spy:-1.5% combo:1 exit:0 → trades:0 wr:0% pnl:$0
[130/360] TSLA | hold:60m spy:-1.5% combo:1 exit:0 → trades:0 wr:0% pnl:$0
[131/360] AMD | hold:60m spy:-1.5% combo:1 exit:1 → trades:0 wr:0% pnl:$0
[132/360] TSLA | hold:60m spy:-1.5% combo:1 exit:1 → trades:0 wr:0% pnl:$0
[133/360] AMD | hold:60m spy:-2.0% combo:0 exit:-1 → trades:0 wr:0% pnl:$0
[134/360] TSLA | hold:60m spy:-2.0% combo:0 exit:-1 → trades:0 wr:0% pnl:$0
[135/360] AMD | hold:60m spy:-2.0% combo:0 exit:0 → trades:0 wr:0% pnl:$0
[136/360] TSLA | hold:60m spy:-2.0% combo:0 exit:0 → trades:0 wr:0% pnl:$0
[137/360] AMD | hold:60m spy:-2.0% combo:0 exit:1 → trades:0 wr:0% pnl:$0
[138/360] TSLA | hold:60m spy:-2.0% combo:0 exit:1 → trades:0 wr:0% pnl:$0
[139/360] AMD | hold:60m spy:-2.0% combo:1 exit:-1 → trades:0 wr:0% pnl:$0
[140/360] TSLA | hold:60m spy:-2.0% combo:1 exit:-1 → trades:0 wr:0% pnl:$0
[141/360] AMD | hold:60m spy:-2.0% combo:1 exit:0 → trades:0 wr:0% pnl:$0
[142/360] TSLA | hold:60m spy:-2.0% combo:1 exit:0 → trades:0 wr:0% pnl:$0
[143/360] AMD | hold:60m spy:-2.0% combo:1 exit:1 → trades:0 wr:0% pnl:$0
[144/360] TSLA | hold:60m spy:-2.0% combo:1 exit:1 → trades:0 wr:0% pnl:$0
[145/360] AMD | hold:90m spy:-1.0% combo:0 exit:-1 → trades:0 wr:0% pnl:$0
[146/360] TSLA | hold:90m spy:-1.0% combo:0 exit:-1 → trades:0 wr:0% pnl:$0
[147/360] AMD | hold:90m spy:-1.0% combo:0 exit:0 → trades:0 wr:0% pnl:$0
[148/360] TSLA | hold:90m spy:-1.0% combo:0 exit:0 → trades:0 wr:0% pnl:$0
[149/360] AMD | hold:90m spy:-1.0% combo:0 exit:1 → trades:0 wr:0% pnl:$0
[150/360] TSLA | hold:90m spy:-1.0% combo:0 exit:1 → trades:0 wr:0% pnl:$0
[151/360] AMD | hold:90m spy:-1.0% combo:1 exit:-1 → trades:0 wr:0% pnl:$0
[152/360] TSLA | hold:90m spy:-1.0% combo:1 exit:-1 → trades:0 wr:0% pnl:$0
[153/360] AMD | hold:90m spy:-1.0% combo:1 exit:0 → trades:0 wr:0% pnl:$0
[154/360] TSLA | hold:90m spy:-1.0% combo:1 exit:0 → trades:0 wr:0% pnl:$0
[155/360] AMD | hold:90m spy:-1.0% combo:1 exit:1 → trades:0 wr:0% pnl:$0
[156/360] TSLA | hold:90m spy:-1.0% combo:1 exit:1 → trades:0 wr:0% pnl:$0
[157/360] AMD | hold:90m spy:-1.5% combo:0 exit:-1 → trades:0 wr:0% pnl:$0
[158/360] TSLA | hold:90m spy:-1.5% combo:0 exit:-1 → trades:0 wr:0% pnl:$0
[159/360] AMD | hold:90m spy:-1.5% combo:0 exit:0 → trades:0 wr:0% pnl:$0
[160/360] TSLA | hold:90m spy:-1.5% combo:0 exit:0 → trades:0 wr:0% pnl:$0
[161/360] AMD | hold:90m spy:-1.5% combo:0 exit:1 → trades:0 wr:0% pnl:$0
[162/360] TSLA | hold:90m spy:-1.5% combo:0 exit:1 → trades:0 wr:0% pnl:$0
[163/360] AMD | hold:90m spy:-1.5% combo:1 exit:-1 → trades:0 wr:0% pnl:$0
[164/360] TSLA | hold:90m spy:-1.5% combo:1 exit:-1 → trades:0 wr:0% pnl:$0
[165/360] AMD | hold:90m spy:-1.5% combo:1 exit:0 → trades:0 wr:0% pnl:$0
[166/360] TSLA | hold:90m spy:-1.5% combo:1 exit:0 → trades:0 wr:0% pnl:$0
[167/360] AMD | hold:90m spy:-1.5% combo:1 exit:1 → trades:0 wr:0% pnl:$0
[168/360] TSLA | hold:90m spy:-1.5% combo:1 exit:1 → trades:0 wr:0% pnl:$0
[169/360] AMD | hold:90m spy:-2.0% combo:0 exit:-1 → trades:0 wr:0% pnl:$0
[170/360] TSLA | hold:90m spy:-2.0% combo:0 exit:-1 → trades:0 wr:0% pnl:$0
[171/360] AMD | hold:90m spy:-2.0% combo:0 exit:0 → trades:0 wr:0% pnl:$0
[172/360] TSLA | hold:90m spy:-2.0% combo:0 exit:0 → trades:0 wr:0% pnl:$0
[173/360] AMD | hold:90m spy:-2.0% combo:0 exit:1 → trades:0 wr:0% pnl:$0
[174/360] TSLA | hold:90m spy:-2.0% combo:0 exit:1 → trades:0 wr:0% pnl:$0
[175/360] AMD | hold:90m spy:-2.0% combo:1 exit:-1 → trades:0 wr:0% pnl:$0
[176/360] TSLA | hold:90m spy:-2.0% combo:1 exit:-1 → trades:0 wr:0% pnl:$0
[177/360] AMD | hold:90m spy:-2.0% combo:1 exit:0 → trades:0 wr:0% pnl:$0
[178/360] TSLA | hold:90m spy:-2.0% combo:1 exit:0 → trades:0 wr:0% pnl:$0
[179/360] AMD | hold:90m spy:-2.0% combo:1 exit:1 → trades:0 wr:0% pnl:$0
[180/360] TSLA | hold:90m spy:-2.0% combo:1 exit:1 → trades:0 wr:0% pnl:$0
[181/360] AMD | hold:15m spy:-1.0% combo:0 exit:-1 → trades:0 wr:0% pnl:$0
[182/360] TSLA | hold:15m spy:-1.0% combo:0 exit:-1 → trades:0 wr:0% pnl:$0
[183/360] AMD | hold:15m spy:-1.0% combo:0 exit:0 → trades:0 wr:0% pnl:$0
[184/360] TSLA | hold:15m spy:-1.0% combo:0 exit:0 → trades:0 wr:0% pnl:$0
[185/360] AMD | hold:15m spy:-1.0% combo:0 exit:1 → trades:0 wr:0% pnl:$0
[186/360] TSLA | hold:15m spy:-1.0% combo:0 exit:1 → trades:0 wr:0% pnl:$0
[187/360] AMD | hold:15m spy:-1.0% combo:1 exit:-1 → trades:0 wr:0% pnl:$0
[188/360] TSLA | hold:15m spy:-1.0% combo:1 exit:-1 → trades:0 wr:0% pnl:$0
[189/360] AMD | hold:15m spy:-1.0% combo:1 exit:0 → trades:0 wr:0% pnl:$0
[190/360] TSLA | hold:15m spy:-1.0% combo:1 exit:0 → trades:0 wr:0% pnl:$0
[191/360] AMD | hold:15m spy:-1.0% combo:1 exit:1 → trades:0 wr:0% pnl:$0
[192/360] TSLA | hold:15m spy:-1.0% combo:1 exit:1 → trades:0 wr:0% pnl:$0
[193/360] AMD | hold:15m spy:-1.5% combo:0 exit:-1 → trades:0 wr:0% pnl:$0
[194/360] TSLA | hold:15m spy:-1.5% combo:0 exit:-1 → trades:0 wr:0% pnl:$0
[195/360] AMD | hold:15m spy:-1.5% combo:0 exit:0 → trades:0 wr:0% pnl:$0
[196/360] TSLA | hold:15m spy:-1.5% combo:0 exit:0 → trades:0 wr:0% pnl:$0
[197/360] AMD | hold:15m spy:-1.5% combo:0 exit:1 → trades:0 wr:0% pnl:$0
[198/360] TSLA | hold:15m spy:-1.5% combo:0 exit:1 → trades:0 wr:0% pnl:$0
[199/360] AMD | hold:15m spy:-1.5% combo:1 exit:-1 → trades:0 wr:0% pnl:$0
[200/360] TSLA | hold:15m spy:-1.5% combo:1 exit:-1 → trades:0 wr:0% pnl:$0
[201/360] AMD | hold:15m spy:-1.5% combo:1 exit:0 → trades:0 wr:0% pnl:$0
[202/360] TSLA | hold:15m spy:-1.5% combo:1 exit:0 → trades:0 wr:0% pnl:$0
[203/360] AMD | hold:15m spy:-1.5% combo:1 exit:1 → trades:0 wr:0% pnl:$0
[204/360] TSLA | hold:15m spy:-1.5% combo:1 exit:1 → trades:0 wr:0% pnl:$0
[205/360] AMD | hold:15m spy:-2.0% combo:0 exit:-1 → trades:0 wr:0% pnl:$0
[206/360] TSLA | hold:15m spy:-2.0% combo:0 exit:-1 → trades:0 wr:0% pnl:$0
[207/360] AMD | hold:15m spy:-2.0% combo:0 exit:0 → trades:0 wr:0% pnl:$0
[208/360] TSLA | hold:15m spy:-2.0% combo:0 exit:0 → trades:0 wr:0% pnl:$0
[209/360] AMD | hold:15m spy:-2.0% combo:0 exit:1 → trades:0 wr:0% pnl:$0
[210/360] TSLA | hold:15m spy:-2.0% combo:0 exit:1 → trades:0 wr:0% pnl:$0
[211/360] AMD | hold:15m spy:-2.0% combo:1 exit:-1 → trades:0 wr:0% pnl:$0
[212/360] TSLA | hold:15m spy:-2.0% combo:1 exit:-1 → trades:0 wr:0% pnl:$0
[213/360] AMD | hold:15m spy:-2.0% combo:1 exit:0 → trades:0 wr:0% pnl:$0
[214/360] TSLA | hold:15m spy:-2.0% combo:1 exit:0 → trades:0 wr:0% pnl:$0
[215/360] AMD | hold:15m spy:-2.0% combo:1 exit:1 → trades:0 wr:0% pnl:$0
[216/360] TSLA | hold:15m spy:-2.0% combo:1 exit:1 → trades:0 wr:0% pnl:$0
[217/360] AMD | hold:30m spy:-1.0% combo:0 exit:-1 → trades:0 wr:0% pnl:$0
[218/360] TSLA | hold:30m spy:-1.0% combo:0 exit:-1 → trades:0 wr:0% pnl:$0
[219/360] AMD | hold:30m spy:-1.0% combo:0 exit:0 → trades:0 wr:0% pnl:$0
[220/360] TSLA | hold:30m spy:-1.0% combo:0 exit:0 → trades:0 wr:0% pnl:$0
[221/360] AMD | hold:30m spy:-1.0% combo:0 exit:1 → trades:0 wr:0% pnl:$0
[222/360] TSLA | hold:30m spy:-1.0% combo:0 exit:1 → trades:0 wr:0% pnl:$0
[223/360] AMD | hold:30m spy:-1.0% combo:1 exit:-1 → trades:0 wr:0% pnl:$0
[224/360] TSLA | hold:30m spy:-1.0% combo:1 exit:-1 → trades:0 wr:0% pnl:$0
[225/360] AMD | hold:30m spy:-1.0% combo:1 exit:0 → trades:0 wr:0% pnl:$0
[226/360] TSLA | hold:30m spy:-1.0% combo:1 exit:0 → trades:0 wr:0% pnl:$0
[227/360] AMD | hold:30m spy:-1.0% combo:1 exit:1 → trades:0 wr:0% pnl:$0
[228/360] TSLA | hold:30m spy:-1.0% combo:1 exit:1 → trades:0 wr:0% pnl:$0
[229/360] AMD | hold:30m spy:-1.5% combo:0 exit:-1 → trades:0 wr:0% pnl:$0
[230/360] TSLA | hold:30m spy:-1.5% combo:0 exit:-1 → trades:0 wr:0% pnl:$0
[231/360] AMD | hold:30m spy:-1.5% combo:0 exit:0 → trades:0 wr:0% pnl:$0
[232/360] TSLA | hold:30m spy:-1.5% combo:0 exit:0 → trades:0 wr:0% pnl:$0
[233/360] AMD | hold:30m spy:-1.5% combo:0 exit:1 → trades:0 wr:0% pnl:$0
[234/360] TSLA | hold:30m spy:-1.5% combo:0 exit:1 → trades:0 wr:0% pnl:$0
[235/360] AMD | hold:30m spy:-1.5% combo:1 exit:-1 → trades:0 wr:0% pnl:$0
[236/360] TSLA | hold:30m spy:-1.5% combo:1 exit:-1 → trades:0 wr:0% pnl:$0
[237/360] AMD | hold:30m spy:-1.5% combo:1 exit:0 → trades:0 wr:0% pnl:$0
[238/360] TSLA | hold:30m spy:-1.5% combo:1 exit:0 → trades:0 wr:0% pnl:$0
[239/360] AMD | hold:30m spy:-1.5% combo:1 exit:1 → trades:0 wr:0% pnl:$0
[240/360] TSLA | hold:30m spy:-1.5% combo:1 exit:1 → trades:0 wr:0% pnl:$0
[241/360] AMD | hold:30m spy:-2.0% combo:0 exit:-1 → trades:0 wr:0% pnl:$0
[242/360] TSLA | hold:30m spy:-2.0% combo:0 exit:-1 → trades:0 wr:0% pnl:$0
[243/360] AMD | hold:30m spy:-2.0% combo:0 exit:0 → trades:0 wr:0% pnl:$0
[244/360] TSLA | hold:30m spy:-2.0% combo:0 exit:0 → trades:0 wr:0% pnl:$0
[245/360] AMD | hold:30m spy:-2.0% combo:0 exit:1 → trades:0 wr:0% pnl:$0
[246/360] TSLA | hold:30m spy:-2.0% combo:0 exit:1 → trades:0 wr:0% pnl:$0
[247/360] AMD | hold:30m spy:-2.0% combo:1 exit:-1 → trades:0 wr:0% pnl:$0
[248/360] TSLA | hold:30m spy:-2.0% combo:1 exit:-1 → trades:0 wr:0% pnl:$0
[249/360] AMD | hold:30m spy:-2.0% combo:1 exit:0 → trades:0 wr:0% pnl:$0
[250/360] TSLA | hold:30m spy:-2.0% combo:1 exit:0 → trades:0 wr:0% pnl:$0
[251/360] AMD | hold:30m spy:-2.0% combo:1 exit:1 → trades:0 wr:0% pnl:$0
[252/360] TSLA | hold:30m spy:-2.0% combo:1 exit:1 → trades:0 wr:0% pnl:$0
[253/360] AMD | hold:45m spy:-1.0% combo:0 exit:-1 → trades:0 wr:0% pnl:$0
[254/360] TSLA | hold:45m spy:-1.0% combo:0 exit:-1 → trades:0 wr:0% pnl:$0
[255/360] AMD | hold:45m spy:-1.0% combo:0 exit:0 → trades:0 wr:0% pnl:$0
[256/360] TSLA | hold:45m spy:-1.0% combo:0 exit:0 → trades:0 wr:0% pnl:$0
[257/360] AMD | hold:45m spy:-1.0% combo:0 exit:1 → trades:0 wr:0% pnl:$0
[258/360] TSLA | hold:45m spy:-1.0% combo:0 exit:1 → trades:0 wr:0% pnl:$0
[259/360] AMD | hold:45m spy:-1.0% combo:1 exit:-1 → trades:0 wr:0% pnl:$0
[260/360] TSLA | hold:45m spy:-1.0% combo:1 exit:-1 → trades:0 wr:0% pnl:$0
[261/360] AMD | hold:45m spy:-1.0% combo:1 exit:0 → trades:0 wr:0% pnl:$0
[262/360] TSLA | hold:45m spy:-1.0% combo:1 exit:0 → trades:0 wr:0% pnl:$0
[263/360] AMD | hold:45m spy:-1.0% combo:1 exit:1 → trades:0 wr:0% pnl:$0
[264/360] TSLA | hold:45m spy:-1.0% combo:1 exit:1 → trades:0 wr:0% pnl:$0
[265/360] AMD | hold:45m spy:-1.5% combo:0 exit:-1 → trades:0 wr:0% pnl:$0
[266/360] TSLA | hold:45m spy:-1.5% combo:0 exit:-1 → trades:0 wr:0% pnl:$0
[267/360] AMD | hold:45m spy:-1.5% combo:0 exit:0 → trades:0 wr:0% pnl:$0
[268/360] TSLA | hold:45m spy:-1.5% combo:0 exit:0 → trades:0 wr:0% pnl:$0
[269/360] AMD | hold:45m spy:-1.5% combo:0 exit:1 → trades:0 wr:0% pnl:$0
[270/360] TSLA | hold:45m spy:-1.5% combo:0 exit:1 → trades:0 wr:0% pnl:$0
[271/360] AMD | hold:45m spy:-1.5% combo:1 exit:-1 → trades:0 wr:0% pnl:$0
[272/360] TSLA | hold:45m spy:-1.5% combo:1 exit:-1 → trades:0 wr:0% pnl:$0
[273/360] AMD | hold:45m spy:-1.5% combo:1 exit:0 → trades:0 wr:0% pnl:$0
[274/360] TSLA | hold:45m spy:-1.5% combo:1 exit:0 → trades:0 wr:0% pnl:$0
[275/360] AMD | hold:45m spy:-1.5% combo:1 exit:1 → trades:0 wr:0% pnl:$0
[276/360] TSLA | hold:45m spy:-1.5% combo:1 exit:1 → trades:0 wr:0% pnl:$0
[277/360] AMD | hold:45m spy:-2.0% combo:0 exit:-1 → trades:0 wr:0% pnl:$0
[278/360] TSLA | hold:45m spy:-2.0% combo:0 exit:-1 → trades:0 wr:0% pnl:$0
[279/360] AMD | hold:45m spy:-2.0% combo:0 exit:0 → trades:0 wr:0% pnl:$0
[280/360] TSLA | hold:45m spy:-2.0% combo:0 exit:0 → trades:0 wr:0% pnl:$0
[281/360] AMD | hold:45m spy:-2.0% combo:0 exit:1 → trades:0 wr:0% pnl:$0
[282/360] TSLA | hold:45m spy:-2.0% combo:0 exit:1 → trades:0 wr:0% pnl:$0
[283/360] AMD | hold:45m spy:-2.0% combo:1 exit:-1 → trades:0 wr:0% pnl:$0
[284/360] TSLA | hold:45m spy:-2.0% combo:1 exit:-1 → trades:0 wr:0% pnl:$0
[285/360] AMD | hold:45m spy:-2.0% combo:1 exit:0 → trades:0 wr:0% pnl:$0
[286/360] TSLA | hold:45m spy:-2.0% combo:1 exit:0 → trades:0 wr:0% pnl:$0
[287/360] AMD | hold:45m spy:-2.0% combo:1 exit:1 → trades:0 wr:0% pnl:$0
[288/360] TSLA | hold:45m spy:-2.0% combo:1 exit:1 → trades:0 wr:0% pnl:$0
[289/360] AMD | hold:60m spy:-1.0% combo:0 exit:-1 → trades:0 wr:0% pnl:$0
[290/360] TSLA | hold:60m spy:-1.0% combo:0 exit:-1 → trades:0 wr:0% pnl:$0
[291/360] AMD | hold:60m spy:-1.0% combo:0 exit:0 → trades:0 wr:0% pnl:$0
[292/360] TSLA | hold:60m spy:-1.0% combo:0 exit:0 → trades:0 wr:0% pnl:$0
[293/360] AMD | hold:60m spy:-1.0% combo:0 exit:1 → trades:0 wr:0% pnl:$0
[294/360] TSLA | hold:60m spy:-1.0% combo:0 exit:1 → trades:0 wr:0% pnl:$0
[295/360] AMD | hold:60m spy:-1.0% combo:1 exit:-1 → trades:0 wr:0% pnl:$0
[296/360] TSLA | hold:60m spy:-1.0% combo:1 exit:-1 → trades:0 wr:0% pnl:$0
[297/360] AMD | hold:60m spy:-1.0% combo:1 exit:0 → trades:0 wr:0% pnl:$0
[298/360] TSLA | hold:60m spy:-1.0% combo:1 exit:0 → trades:0 wr:0% pnl:$0
[299/360] AMD | hold:60m spy:-1.0% combo:1 exit:1 → trades:0 wr:0% pnl:$0
[300/360] TSLA | hold:60m spy:-1.0% combo:1 exit:1 → trades:0 wr:0% pnl:$0
[301/360] AMD | hold:60m spy:-1.5% combo:0 exit:-1 → trades:0 wr:0% pnl:$0
[302/360] TSLA | hold:60m spy:-1.5% combo:0 exit:-1 → trades:0 wr:0% pnl:$0
[303/360] AMD | hold:60m spy:-1.5% combo:0 exit:0 → trades:0 wr:0% pnl:$0
[304/360] TSLA | hold:60m spy:-1.5% combo:0 exit:0 → trades:0 wr:0% pnl:$0
[305/360] AMD | hold:60m spy:-1.5% combo:0 exit:1 → trades:0 wr:0% pnl:$0
[306/360] TSLA | hold:60m spy:-1.5% combo:0 exit:1 → trades:0 wr:0% pnl:$0
[307/360] AMD | hold:60m spy:-1.5% combo:1 exit:-1 → trades:0 wr:0% pnl:$0
[308/360] TSLA | hold:60m spy:-1.5% combo:1 exit:-1 → trades:0 wr:0% pnl:$0
[309/360] AMD | hold:60m spy:-1.5% combo:1 exit:0 → trades:0 wr:0% pnl:$0
[310/360] TSLA | hold:60m spy:-1.5% combo:1 exit:0 → trades:0 wr:0% pnl:$0
[311/360] AMD | hold:60m spy:-1.5% combo:1 exit:1 → trades:0 wr:0% pnl:$0
[312/360] TSLA | hold:60m spy:-1.5% combo:1 exit:1 → trades:0 wr:0% pnl:$0
[313/360] AMD | hold:60m spy:-2.0% combo:0 exit:-1 → trades:0 wr:0% pnl:$0
[314/360] TSLA | hold:60m spy:-2.0% combo:0 exit:-1 → trades:0 wr:0% pnl:$0
[315/360] AMD | hold:60m spy:-2.0% combo:0 exit:0 → trades:0 wr:0% pnl:$0
[316/360] TSLA | hold:60m spy:-2.0% combo:0 exit:0 → trades:0 wr:0% pnl:$0
[317/360] AMD | hold:60m spy:-2.0% combo:0 exit:1 → trades:0 wr:0% pnl:$0
[318/360] TSLA | hold:60m spy:-2.0% combo:0 exit:1 → trades:0 wr:0% pnl:$0
[319/360] AMD | hold:60m spy:-2.0% combo:1 exit:-1 → trades:0 wr:0% pnl:$0
[320/360] TSLA | hold:60m spy:-2.0% combo:1 exit:-1 → trades:0 wr:0% pnl:$0
[321/360] AMD | hold:60m spy:-2.0% combo:1 exit:0 → trades:0 wr:0% pnl:$0
[322/360] TSLA | hold:60m spy:-2.0% combo:1 exit:0 → trades:0 wr:0% pnl:$0
[323/360] AMD | hold:60m spy:-2.0% combo:1 exit:1 → trades:0 wr:0% pnl:$0
[324/360] TSLA | hold:60m spy:-2.0% combo:1 exit:1 → trades:0 wr:0% pnl:$0
[325/360] AMD | hold:90m spy:-1.0% combo:0 exit:-1 → trades:0 wr:0% pnl:$0
[326/360] TSLA | hold:90m spy:-1.0% combo:0 exit:-1 → trades:0 wr:0% pnl:$0
[327/360] AMD | hold:90m spy:-1.0% combo:0 exit:0 → trades:0 wr:0% pnl:$0
[328/360] TSLA | hold:90m spy:-1.0% combo:0 exit:0 → trades:0 wr:0% pnl:$0
[329/360] AMD | hold:90m spy:-1.0% combo:0 exit:1 → trades:0 wr:0% pnl:$0
[330/360] TSLA | hold:90m spy:-1.0% combo:0 exit:1 → trades:0 wr:0% pnl:$0
[331/360] AMD | hold:90m spy:-1.0% combo:1 exit:-1 → trades:0 wr:0% pnl:$0
[332/360] TSLA | hold:90m spy:-1.0% combo:1 exit:-1 → trades:0 wr:0% pnl:$0
[333/360] AMD | hold:90m spy:-1.0% combo:1 exit:0 → trades:0 wr:0% pnl:$0
[334/360] TSLA | hold:90m spy:-1.0% combo:1 exit:0 → trades:0 wr:0% pnl:$0
[335/360] AMD | hold:90m spy:-1.0% combo:1 exit:1 → trades:0 wr:0% pnl:$0
[336/360] TSLA | hold:90m spy:-1.0% combo:1 exit:1 → trades:0 wr:0% pnl:$0
[337/360] AMD | hold:90m spy:-1.5% combo:0 exit:-1 → trades:0 wr:0% pnl:$0
[338/360] TSLA | hold:90m spy:-1.5% combo:0 exit:-1 → trades:0 wr:0% pnl:$0
[339/360] AMD | hold:90m spy:-1.5% combo:0 exit:0 → trades:0 wr:0% pnl:$0
[340/360] TSLA | hold:90m spy:-1.5% combo:0 exit:0 → trades:0 wr:0% pnl:$0
[341/360] AMD | hold:90m spy:-1.5% combo:0 exit:1 → trades:0 wr:0% pnl:$0
[342/360] TSLA | hold:90m spy:-1.5% combo:0 exit:1 → trades:0 wr:0% pnl:$0
[343/360] AMD | hold:90m spy:-1.5% combo:1 exit:-1 → trades:0 wr:0% pnl:$0
[344/360] TSLA | hold:90m spy:-1.5% combo:1 exit:-1 → trades:0 wr:0% pnl:$0
[345/360] AMD | hold:90m spy:-1.5% combo:1 exit:0 → trades:0 wr:0% pnl:$0
[346/360] TSLA | hold:90m spy:-1.5% combo:1 exit:0 → trades:0 wr:0% pnl:$0
[347/360] AMD | hold:90m spy:-1.5% combo:1 exit:1 → trades:0 wr:0% pnl:$0
[348/360] TSLA | hold:90m spy:-1.5% combo:1 exit:1 → trades:0 wr:0% pnl:$0
[349/360] AMD | hold:90m spy:-2.0% combo:0 exit:-1 → trades:0 wr:0% pnl:$0
[350/360] TSLA | hold:90m spy:-2.0% combo:0 exit:-1 → trades:0 wr:0% pnl:$0
[351/360] AMD | hold:90m spy:-2.0% combo:0 exit:0 → trades:0 wr:0% pnl:$0
[352/360] TSLA | hold:90m spy:-2.0% combo:0 exit:0 → trades:0 wr:0% pnl:$0
[353/360] AMD | hold:90m spy:-2.0% combo:0 exit:1 → trades:0 wr:0% pnl:$0
[354/360] TSLA | hold:90m spy:-2.0% combo:0 exit:1 → trades:0 wr:0% pnl:$0
[355/360] AMD | hold:90m spy:-2.0% combo:1 exit:-1 → trades:0 wr:0% pnl:$0
[356/360] TSLA | hold:90m spy:-2.0% combo:1 exit:-1 → trades:0 wr:0% pnl:$0
[357/360] AMD | hold:90m spy:-2.0% combo:1 exit:0 → trades:0 wr:0% pnl:$0
[358/360] TSLA | hold:90m spy:-2.0% combo:1 exit:0 → trades:0 wr:0% pnl:$0
[359/360] AMD | hold:90m spy:-2.0% combo:1 exit:1 → trades:0 wr:0% pnl:$0
[360/360] TSLA | hold:90m spy:-2.0% combo:1 exit:1 → trades:0 wr:0% pnl:$0

================================================================================
TOP 10 RESULTS (sorted by combined AMD+TSLA P&L)
================================================================================
 hold   spy%  combo  exit |    AMD P&L   TSLA P&L      TOTAL |  AMD WR TSLA WR
--------------------------------------------------------------------------------
   15m   -1.0%      0    -1 | $        0 $        0 $        0 |    0.0%    0.0%
   15m   -1.0%      0     0 | $        0 $        0 $        0 |    0.0%    0.0%
   15m   -1.0%      0     1 | $        0 $        0 $        0 |    0.0%    0.0%
   15m   -1.0%      1    -1 | $        0 $        0 $        0 |    0.0%    0.0%
   15m   -1.0%      1     0 | $        0 $        0 $        0 |    0.0%    0.0%
   15m   -1.0%      1     1 | $        0 $        0 $        0 |    0.0%    0.0%
   15m   -1.5%      0    -1 | $        0 $        0 $        0 |    0.0%    0.0%
   15m   -1.5%      0     0 | $        0 $        0 $        0 |    0.0%    0.0%
   15m   -1.5%      0     1 | $        0 $        0 $        0 |    0.0%    0.0%
   15m   -1.5%      1    -1 | $        0 $        0 $        0 |    0.0%    0.0%

BOTTOM 5 RESULTS
--------------------------------------------------------------------------------
   90m   -2.0%      0     0 | $        0 $        0 $        0 |    0.0%    0.0%
   90m   -2.0%      0     1 | $        0 $        0 $        0 |    0.0%    0.0%
   90m   -2.0%      1    -1 | $        0 $        0 $        0 |    0.0%    0.0%
   90m   -2.0%      1     0 | $        0 $        0 $        0 |    0.0%    0.0%
   90m   -2.0%      1     1 | $        0 $        0 $        0 |    0.0%    0.0%

Full results saved to ~/trading/grid_search_results.json
Completed at 05:15:12
